// Jest Snapshot v1, https://jestjs.io/docs/snapshot-testing

exports[`IconButton Component Snapshot matches snapshot (smoke test) 1`] = `
<View
  accessibilityLabel="Primary Medium"
  accessibilityRole="button"
  accessibilityState={
    {
      "busy": undefined,
      "checked": undefined,
      "disabled": false,
      "expanded": undefined,
      "selected": undefined,
    }
  }
  accessibilityValue={
    {
      "max": undefined,
      "min": undefined,
      "now": undefined,
      "text": undefined,
    }
  }
  accessible={true}
  collapsable={false}
  focusable={true}
  onBlur={[Function]}
  onClick={[Function]}
  onFocus={[Function]}
  onResponderGrant={[Function]}
  onResponderMove={[Function]}
  onResponderRelease={[Function]}
  onResponderTerminate={[Function]}
  onResponderTerminationRequest={[Function]}
  onStartShouldSetResponder={[Function]}
  style={
    [
      {
        "alignItems": "center",
        "backgroundColor": "#466237",
        "borderRadius": 32,
        "justifyContent": "center",
        "padding": 12,
      },
      undefined,
    ]
  }
>
  <Text>
    Icon
  </Text>
</View>
`;
